// Jest Snapshot v1, https://goo.gl/fbAQLP

exports[`the ParticipantStrip component should correctly render ParticipantInfo components 1`] = `
<Styled(aside)>
  <Participant
    onClick={[Function]}
    participant="localParticipant"
  />
  <Participant
    key="0"
    onClick={[Function]}
    participant={
      Object {
        "sid": 0,
      }
    }
  />
  <Participant
    key="1"
    onClick={[Function]}
    participant={
      Object {
        "sid": 1,
      }
    }
  />
</Styled(aside)>
`;
